// Jest Snapshot v1, https://goo.gl/fbAQLP

exports[`Input component renders Input 1`] = `
<DocumentFragment>
  <form>
    <input
      name="url"
      placeholder="URL"
      type="text"
      value="dummy string"
    />
    <div>
      <input
        id="get"
        name="method"
        type="radio"
        value="GET"
      />
      <label
        for="get"
      >
        GET
      </label>
      <input
        id="post"
        name="method"
        type="radio"
        value="POST"
      />
      <label
        for="post"
      >
        POST
      </label>
      <input
        id="put"
        name="method"
        type="radio"
        value="PUT"
      />
      <label
        for="put"
      >
        PUT
      </label>
      <input
        id="patch"
        name="method"
        type="radio"
        value="PATCH"
      />
      <label
        for="patch"
      >
        PATCH
      </label>
      <input
        id="delete"
        name="method"
        type="radio"
        value="DELETE"
      />
      <label
        for="delete"
      >
        DELETE
      </label>
    </div>
    <button>
      Call
    </button>
    <textarea
      name="body"
      placeholder="JSON Body"
    >
      dummy string
    </textarea>
  </form>
</DocumentFragment>
`;
